// Jest Snapshot v1, https://goo.gl/fbAQLP

exports[`initializes state with router 1`] = `
Object {
  "index": 1,
  "key": "root",
  "names": Array [
    "foo",
    "bar",
    "baz",
  ],
  "routes": Array [
    Object {
      "key": "foo",
      "name": "foo",
    },
    Object {
      "key": "bar",
      "name": "bar",
    },
    Object {
      "key": "baz",
      "name": "baz",
    },
  ],
}
`;
